// Jest Snapshot v1, https://goo.gl/fbAQLP

exports[`AccountWizardStepThree Component should render 1`] = `
<div>
  Lorem ipsum step three.
</div>
`;
