// Jest Snapshot v1, https://goo.gl/fbAQLP

exports[`AccountWizardStepTwo Component should render 1`] = `
<div>
  Lorem ipsum step two.
</div>
`;
