// Jest Snapshot v1, https://goo.gl/fbAQLP

exports[`AccountWizardStepArn Component should render a wizard ARN step: connected 1`] = `
<Form
  bsClass="form"
  componentClass="form"
  horizontal={true}
  inline={false}
  onSubmit={[Function]}
>
  <FormGroup
    bsClass="form-group"
  >
    <Col
      bsClass="col"
      componentClass="div"
      sm={12}
    >
      <ul
        className="no-margin-bottom"
      >
        <li>
          In the 
          <strong>
            IAM
          </strong>
           console, click your new role.
        </li>
        <li>
          In the 
          <strong>
            Summary
          </strong>
           screen, copy the 
          <strong>
            Role ARN
          </strong>
           and paste it in the following
           
          <strong>
            ARN
          </strong>
           field.
        </li>
      </ul>
    </Col>
  </FormGroup>
  <FormField
    colField={10}
    colFieldClassName={null}
    colLabel={2}
    colLabelClassName={null}
    error={null}
    errorMessage={null}
    id={null}
    label="ARN"
  >
    <FormControl
      bsClass="form-control"
      componentClass="input"
      name="arn"
      onChange={[Function]}
      type="text"
      value=""
    />
    <HelpBlock
      bsClass="help-block"
    >
      ex: arn:aws:iam::123456789012:role/Cloud-Meter-role
    </HelpBlock>
  </FormField>
</Form>
`;
