// Jest Snapshot v1, https://goo.gl/fbAQLP

exports[`ToolbarGroup Component should render a basic component 1`] = `
<div
  class="form-group"
>
  test
</div>
`;
