// Jest Snapshot v1, https://goo.gl/fbAQLP

exports[`ToolbarSort Component should render a basic component 1`] = `
<div
  class="form-group"
/>
`;
